Agent composition:  4x MCTS  |  4x MCTS+Suspicion
Parallel workers   : 4
Total games        : 10000
  100/10000 games completed (1%)
  200/10000 games completed (2%)
  300/10000 games completed (3%)
  400/10000 games completed (4%)
  500/10000 games completed (5%)
  600/10000 games completed (6%)
  700/10000 games completed (7%)
  800/10000 games completed (8%)
  900/10000 games completed (9%)
  1000/10000 games completed (10%)
  1100/10000 games completed (11%)
  1200/10000 games completed (12%)
  1300/10000 games completed (13%)
  1400/10000 games completed (14%)
  1500/10000 games completed (15%)
  1600/10000 games completed (16%)
  1700/10000 games completed (17%)
  1800/10000 games completed (18%)
  1900/10000 games completed (19%)
  2000/10000 games completed (20%)
  2100/10000 games completed (21%)
  2200/10000 games completed (22%)
  2300/10000 games completed (23%)
  2400/10000 games completed (24%)
  2500/10000 games completed (25%)
  2600/10000 games completed (26%)
  2700/10000 games completed (27%)
  2800/10000 games completed (28%)
  2900/10000 games completed (29%)
  3000/10000 games completed (30%)
  3100/10000 games completed (31%)
  3200/10000 games completed (32%)
  3300/10000 games completed (33%)
  3400/10000 games completed (34%)
  3500/10000 games completed (35%)
  3600/10000 games completed (36%)
  3700/10000 games completed (37%)
  3800/10000 games completed (38%)
  3900/10000 games completed (39%)
  4000/10000 games completed (40%)
  4100/10000 games completed (41%)
  4200/10000 games completed (42%)
  4300/10000 games completed (43%)
  4400/10000 games completed (44%)
  4500/10000 games completed (45%)
  4600/10000 games completed (46%)
  4700/10000 games completed (47%)
  4800/10000 games completed (48%)
  4900/10000 games completed (49%)
  5000/10000 games completed (50%)
  5100/10000 games completed (51%)
  5200/10000 games completed (52%)
  5300/10000 games completed (53%)
  5400/10000 games completed (54%)
  5500/10000 games completed (55%)
  5600/10000 games completed (56%)
  5700/10000 games completed (57%)
  5800/10000 games completed (58%)
  5900/10000 games completed (59%)
  6000/10000 games completed (60%)
  6100/10000 games completed (61%)
  6200/10000 games completed (62%)
  6300/10000 games completed (63%)
  6400/10000 games completed (64%)
  6500/10000 games completed (65%)
  6600/10000 games completed (66%)
  6700/10000 games completed (67%)
  6800/10000 games completed (68%)
  6900/10000 games completed (69%)
  7000/10000 games completed (70%)
  7100/10000 games completed (71%)
  7200/10000 games completed (72%)
  7300/10000 games completed (73%)
  7400/10000 games completed (74%)
  7500/10000 games completed (75%)
  7600/10000 games completed (76%)
  7700/10000 games completed (77%)
  7800/10000 games completed (78%)
  7900/10000 games completed (79%)
  8000/10000 games completed (80%)
  8100/10000 games completed (81%)
  8200/10000 games completed (82%)
  8300/10000 games completed (83%)
  8400/10000 games completed (84%)
  8500/10000 games completed (85%)
  8600/10000 games completed (86%)
  8700/10000 games completed (87%)
  8800/10000 games completed (88%)
  8900/10000 games completed (89%)
  9000/10000 games completed (90%)
  9100/10000 games completed (91%)
  9200/10000 games completed (92%)
  9300/10000 games completed (93%)
  9400/10000 games completed (94%)
  9500/10000 games completed (95%)
  9600/10000 games completed (96%)
  9700/10000 games completed (97%)
  9800/10000 games completed (98%)
  9900/10000 games completed (99%)
  10000/10000 games completed (100%)

====================================================
  Run complete : 10000 games
  Output dir  : ./results/mcts_4sus_seed456_2026-05-05_00-11-49
----------------------------------------------------
  Village wins : 1527/10000  (15.3%)
  Wolf wins    : 8473/10000  (84.7%)
  Avg days     : 2.38
----------------------------------------------------
  Total votes       : 155100
  Wolf vote prec.   : 0.245
  Wolf vote recall  : 0.889
  False accuse rate : 0.755
  Avg wolves exec'd : 0.58
----------------------------------------------------
  Win rate by agent type + role:
    Susp     | Villager  : 15.5%  (n=6632)
    Susp     | Seer      : 15.2%  (n=1691)
    Susp     | Possessed : 85.5%  (n=1677)
    ----------
    Non-susp | Villager  : 15.3%
    Non-susp | Seer      : 15.3%
    Non-susp | Werewolf  : 84.7%
    Non-susp | Possessed : 84.7%
----------------------------------------------------
  Sigma gap          : 0.0196
  Combined score gap : 0.0126
  Susp-agent wins    : 10727/40000  (26.8%)
  Non-susp wins      : 22327/40000  (55.8%)
====================================================

  Weight history -> ./results/mcts_4sus_seed456_2026-05-05_00-11-49/weight_history.csv
